// Vitest Snapshot v1, https://vitest.dev/guide/snapshot.html

exports[`renderSkillsFile > produces Prettier-clean TypeScript and a stable snapshot 1`] = `
"// このファイルは scripts/sync-skill-sheet により大本スキルシート（スキルシート v1）から
// 自動生成される。手動で編集しても次回同期で上書きされる。
// 暫定エントリ（スプシ未反映）は scripts/sync-skill-sheet/manual-skills.ts で管理する。
// 経験期間は「業務経験（累計）」と「トータル（業務 + 個人開発）」の 2 軸を月数で保持する。

export const skillCategories = [
  "language",
  "framework",
  "database",
  "vcs",
  "cicd",
  "package",
  "devtool",
  "ide",
  "library",
  "ai",
] as const;

export type SkillCategory = (typeof skillCategories)[number];

export const skillCategoryLabels: Record<SkillCategory, string> = {
  language: "言語",
  framework: "フレームワーク・UI",
  database: "データベース",
  vcs: "バージョン管理",
  cicd: "CI・自動化",
  package: "パッケージ・ビルド",
  devtool: "開発支援",
  ide: "IDE",
  library: "ライブラリ・API",
  ai: "AI",
};

/** 大本スキルシートの 3 段階レベル評価 */
export type SkillLevel = "professional" | "work" | "learning";

export const skillLevelLabels: Record<SkillLevel, string> = {
  professional: "実務経験あり",
  work: "業務で使用",
  learning: "学習中・個人開発レベル",
};

export type Skill = {
  id: string;
  name: string;
  category: SkillCategory;
  /** 業務経験の累計月数。業務経験がない場合は null */
  businessMonths: number | null;
  /** 業務 + 個人開発のトータル月数。実績がない場合は null */
  totalMonths: number | null;
  level: SkillLevel;
  /** 業務での担当案件数 */
  projectCount: number;
  /** 特に得意な技術か（大本シートの「特に得意」○/◎） */
  isStrong?: boolean;
  /** public/logos 配下のロゴパス */
  logoPath: string;
  /** 用途・補足（大本シートの「備考」） */
  note?: string;
};

/** 月数を「○年○ヶ月」形式に整形する。null は「—」を返す */
export function formatMonths(months: number | null): string {
  if (months === null) return "—";
  const years = Math.floor(months / 12);
  const remainder = months % 12;
  if (years === 0) return \`\${remainder} ヶ月\`;
  if (remainder === 0) return \`\${years} 年\`;
  return \`\${years} 年 \${remainder} ヶ月\`;
}

export const skills: Skill[] = [
  // 言語
  {
    id: "c-cpp",
    name: "C/C++",
    category: "language",
    businessMonths: 34,
    totalMonths: 34,
    level: "professional",
    projectCount: 1,
    isStrong: true,
    logoPath: "/logos/cplusplus.svg",
    note: "製品 FW(組込)",
  },
  {
    id: "csharp",
    name: "C#",
    category: "language",
    businessMonths: 4,
    totalMonths: 4,
    level: "work",
    projectCount: 1,
    logoPath: "/logos/csharp.svg",
    note: "ASP.NET Core Web API",
  },
  {
    id: "python",
    name: "Python",
    category: "language",
    businessMonths: 16,
    totalMonths: 22,
    level: "professional",
    projectCount: 4,
    isStrong: true,
    logoPath: "/logos/python.svg",
    note: "業務効率化ツール / EC 自動化",
  },
  {
    id: "typescript",
    name: "TypeScript",
    category: "language",
    businessMonths: 7,
    totalMonths: 7,
    level: "work",
    projectCount: 2,
    isStrong: true,
    logoPath: "/logos/typescript.svg",
    note: "フロントエンド開発",
  },
  {
    id: "javascript",
    name: "JavaScript",
    category: "language",
    businessMonths: 3,
    totalMonths: 14,
    level: "work",
    projectCount: 1,
    isStrong: true,
    logoPath: "/logos/javascript.svg",
    note: "業務 + GAS(個人開発)",
  },
  // フレームワーク・UI
  {
    id: "nextjs",
    name: "Next.js",
    category: "framework",
    businessMonths: null,
    totalMonths: 1,
    level: "learning",
    projectCount: 0,
    logoPath: "/logos/nextdotjs.svg",
    note: "当サイト構築（個人開発）",
  },
  {
    id: "react",
    name: "React",
    category: "framework",
    businessMonths: 7,
    totalMonths: 7,
    level: "work",
    projectCount: 2,
    logoPath: "/logos/react.svg",
    note: "MUI / Tailwind 併用",
  },
  {
    id: "vite",
    name: "Vite",
    category: "framework",
    businessMonths: 7,
    totalMonths: 7,
    level: "work",
    projectCount: 2,
    logoPath: "/logos/vite.svg",
    note: "フロントビルドツール",
  },
  {
    id: "aspnet-core",
    name: "ASP.NET Core",
    category: "framework",
    businessMonths: 4,
    totalMonths: 4,
    level: "work",
    projectCount: 1,
    logoPath: "/logos/dotnet.svg",
    note: "C# Web API",
  },
  {
    id: "mui",
    name: "MUI",
    category: "framework",
    businessMonths: 7,
    totalMonths: 7,
    level: "work",
    projectCount: 2,
    logoPath: "/logos/mui.svg",
    note: "Material UI",
  },
  {
    id: "tailwindcss",
    name: "Tailwind CSS",
    category: "framework",
    businessMonths: 3,
    totalMonths: 3,
    level: "work",
    projectCount: 1,
    logoPath: "/logos/tailwindcss.svg",
  },
  {
    id: "google-apps-script",
    name: "Google Apps Script",
    category: "framework",
    businessMonths: null,
    totalMonths: 11,
    level: "learning",
    projectCount: 0,
    isStrong: true,
    logoPath: "/logos/googleappsscript.svg",
    note: "EC 自動化(個人事業)",
  },
  {
    id: "playwright",
    name: "Playwright",
    category: "framework",
    businessMonths: null,
    totalMonths: 4,
    level: "learning",
    projectCount: 0,
    logoPath: "/logos/playwright.svg",
    note: "ブラウザ自動化(個人事業)",
  },
  // データベース
  {
    id: "sql-server",
    name: "SQL Server",
    category: "database",
    businessMonths: 7,
    totalMonths: 7,
    level: "work",
    projectCount: 2,
    logoPath: "/logos/microsoftsqlserver.svg",
    note: "バックエンド DB",
  },
  {
    id: "google-sheets-api",
    name: "Google Sheets API",
    category: "database",
    businessMonths: null,
    totalMonths: 4,
    level: "learning",
    projectCount: 0,
    isStrong: true,
    logoPath: "/logos/googlesheets.svg",
    note: "個人事業のデータストア",
  },
  // バージョン管理
  {
    id: "git",
    name: "Git",
    category: "vcs",
    businessMonths: 15,
    totalMonths: 22,
    level: "professional",
    projectCount: 4,
    isStrong: true,
    logoPath: "/logos/git.svg",
  },
  {
    id: "github",
    name: "GitHub",
    category: "vcs",
    businessMonths: null,
    totalMonths: 13,
    level: "learning",
    projectCount: 0,
    isStrong: true,
    logoPath: "/logos/github.svg",
  },
  {
    id: "gitlab",
    name: "GitLab",
    category: "vcs",
    businessMonths: 21,
    totalMonths: 21,
    level: "professional",
    projectCount: 5,
    logoPath: "/logos/gitlab.svg",
  },
  // CI・自動化
  {
    id: "github-actions",
    name: "GitHub Actions",
    category: "cicd",
    businessMonths: null,
    totalMonths: 6,
    level: "learning",
    projectCount: 0,
    isStrong: true,
    logoPath: "/logos/githubactions.svg",
    note: "定期実行・通知",
  },
  {
    id: "jenkins",
    name: "Jenkins",
    category: "cicd",
    businessMonths: 34,
    totalMonths: 34,
    level: "work",
    projectCount: 1,
    logoPath: "/logos/jenkins.svg",
    note: "製品 FW CI",
  },
  // パッケージ・ビルド
  {
    id: "uv",
    name: "uv",
    category: "package",
    businessMonths: 5,
    totalMonths: 11,
    level: "work",
    projectCount: 2,
    isStrong: true,
    logoPath: "/logos/uv.svg",
    note: "Python パッケージ管理",
  },
  {
    id: "rye",
    name: "Rye",
    category: "package",
    businessMonths: 11,
    totalMonths: 11,
    level: "work",
    projectCount: 2,
    logoPath: "/logos/rye.svg",
    note: "Python パッケージ管理",
  },
  {
    id: "yarn",
    name: "Yarn",
    category: "package",
    businessMonths: 7,
    totalMonths: 7,
    level: "work",
    projectCount: 2,
    isStrong: true,
    logoPath: "/logos/yarn.svg",
  },
  {
    id: "nodejs",
    name: "Node.js",
    category: "package",
    businessMonths: 7,
    totalMonths: 7,
    level: "work",
    projectCount: 2,
    isStrong: true,
    logoPath: "/logos/nodedotjs.svg",
  },
  {
    id: "docker",
    name: "Docker",
    category: "package",
    businessMonths: 7,
    totalMonths: 7,
    level: "work",
    projectCount: 2,
    logoPath: "/logos/docker.svg",
    note: "コンテナ環境",
  },
  // 開発支援
  {
    id: "eslint",
    name: "ESLint",
    category: "devtool",
    businessMonths: 7,
    totalMonths: 7,
    level: "work",
    projectCount: 2,
    isStrong: true,
    logoPath: "/logos/eslint.svg",
  },
  {
    id: "prettier",
    name: "Prettier",
    category: "devtool",
    businessMonths: 7,
    totalMonths: 7,
    level: "work",
    projectCount: 2,
    isStrong: true,
    logoPath: "/logos/prettier.svg",
  },
  {
    id: "ruff",
    name: "Ruff",
    category: "devtool",
    businessMonths: 16,
    totalMonths: 22,
    level: "work",
    projectCount: 4,
    isStrong: true,
    logoPath: "/logos/ruff.svg",
    note: "Python リンター・フォーマッター",
  },
  {
    id: "pytest",
    name: "pytest",
    category: "devtool",
    businessMonths: null,
    totalMonths: 6,
    level: "learning",
    projectCount: 0,
    logoPath: "/logos/pytest.svg",
  },
  {
    id: "swagger",
    name: "Swagger",
    category: "devtool",
    businessMonths: 4,
    totalMonths: 4,
    level: "work",
    projectCount: 1,
    logoPath: "/logos/swagger.svg",
    note: "API ドキュメント",
  },
  // IDE
  {
    id: "vscode",
    name: "VS Code",
    category: "ide",
    businessMonths: 23,
    totalMonths: 23,
    level: "professional",
    projectCount: 6,
    isStrong: true,
    logoPath: "/logos/vscode.svg",
  },
  {
    id: "visual-studio",
    name: "Visual Studio",
    category: "ide",
    businessMonths: 34,
    totalMonths: 34,
    level: "work",
    projectCount: 1,
    logoPath: "/logos/visualstudio.svg",
    note: "C/C++ FW 開発",
  },
  {
    id: "eclipse",
    name: "Eclipse",
    category: "ide",
    businessMonths: 34,
    totalMonths: 34,
    level: "work",
    projectCount: 1,
    logoPath: "/logos/eclipseide.svg",
    note: "C/C++ FW 開発",
  },
  {
    id: "cursor",
    name: "Cursor",
    category: "ide",
    businessMonths: null,
    totalMonths: 13,
    level: "learning",
    projectCount: 0,
    logoPath: "/logos/cursor.svg",
    note: "個人開発で AI エディタ使用",
  },
  // ライブラリ・API
  {
    id: "rakuten-api",
    name: "楽天市場 API",
    category: "library",
    businessMonths: null,
    totalMonths: 4,
    level: "learning",
    projectCount: 0,
    isStrong: true,
    logoPath: "/logos/rakuten.svg",
    note: "EC 自動化",
  },
  {
    id: "pandas",
    name: "pandas",
    category: "library",
    businessMonths: 11,
    totalMonths: 11,
    level: "work",
    projectCount: 2,
    isStrong: true,
    logoPath: "/logos/pandas.svg",
    note: "データ処理",
  },
  {
    id: "axios",
    name: "Axios",
    category: "library",
    businessMonths: 7,
    totalMonths: 7,
    level: "work",
    projectCount: 2,
    isStrong: true,
    logoPath: "/logos/axios.svg",
    note: "HTTP クライアント",
  },
  // AI
  {
    id: "claude-code",
    name: "Claude Code",
    category: "ai",
    businessMonths: null,
    totalMonths: 10,
    level: "learning",
    projectCount: 0,
    isStrong: true,
    logoPath: "/logos/claude.svg",
  },
  {
    id: "copilot",
    name: "GitHub Copilot",
    category: "ai",
    businessMonths: null,
    totalMonths: null,
    level: "work",
    projectCount: 0,
    logoPath: "/logos/githubcopilot.svg",
    note: "実務の日常使いで利用",
  },
];
"
`;
